============================= test session starts ==============================
platform linux -- Python 3.11.6, pytest-7.4.4, pluggy-1.3.0
PyQt5 5.15.10 -- Qt runtime 5.15.2 -- Qt compiled 5.15.2
rootdir: /home/williamh/PycharmProjects/spt-reporting
plugins: qt-4.3.1
collected 2 items

tests/test_main.py ..                                                    [100%]

============================== 2 passed in 0.14s ===============================
